Archive member included to satisfy reference by file (symbol)

D:/libs/CubeIDE/STM32CubeIDE_1.15.1/STM32CubeIDE/plugins/com.st.stm32cube.ide.mcu.externaltools.gnu-tools-for-stm32.12.3.rel1.win32_1.0.100.202403111256/tools/bin/../lib/gcc/arm-none-eabi/12.3.1/../../../../arm-none-eabi/lib/thumb/v8-m.main+fp/hard\libc_nano.a(libc_a-exit.o)
                              D:/libs/CubeIDE/STM32CubeIDE_1.15.1/STM32CubeIDE/plugins/com.st.stm32cube.ide.mcu.externaltools.gnu-tools-for-stm32.12.3.rel1.win32_1.0.100.202403111256/tools/bin/../lib/gcc/arm-none-eabi/12.3.1/../../../../arm-none-eabi/lib/thumb/v8-m.main+fp/hard/crt0.o (exit)
D:/libs/CubeIDE/STM32CubeIDE_1.15.1/STM32CubeIDE/plugins/com.st.stm32cube.ide.mcu.externaltools.gnu-tools-for-stm32.12.3.rel1.win32_1.0.100.202403111256/tools/bin/../lib/gcc/arm-none-eabi/12.3.1/../../../../arm-none-eabi/lib/thumb/v8-m.main+fp/hard\libc_nano.a(libc_a-findfp.o)
                              D:/libs/CubeIDE/STM32CubeIDE_1.15.1/STM32CubeIDE/plugins/com.st.stm32cube.ide.mcu.externaltools.gnu-tools-for-stm32.12.3.rel1.win32_1.0.100.202403111256/tools/bin/../lib/gcc/arm-none-eabi/12.3.1/../../../../arm-none-eabi/lib/thumb/v8-m.main+fp/hard\libc_nano.a(libc_a-exit.o) (__stdio_exit_handler)
D:/libs/CubeIDE/STM32CubeIDE_1.15.1/STM32CubeIDE/plugins/com.st.stm32cube.ide.mcu.externaltools.gnu-tools-for-stm32.12.3.rel1.win32_1.0.100.202403111256/tools/bin/../lib/gcc/arm-none-eabi/12.3.1/../../../../arm-none-eabi/lib/thumb/v8-m.main+fp/hard\libc_nano.a(libc_a-fwalk.o)
                              D:/libs/CubeIDE/STM32CubeIDE_1.15.1/STM32CubeIDE/plugins/com.st.stm32cube.ide.mcu.externaltools.gnu-tools-for-stm32.12.3.rel1.win32_1.0.100.202403111256/tools/bin/../lib/gcc/arm-none-eabi/12.3.1/../../../../arm-none-eabi/lib/thumb/v8-m.main+fp/hard\libc_nano.a(libc_a-findfp.o) (_fwalk_sglue)
D:/libs/CubeIDE/STM32CubeIDE_1.15.1/STM32CubeIDE/plugins/com.st.stm32cube.ide.mcu.externaltools.gnu-tools-for-stm32.12.3.rel1.win32_1.0.100.202403111256/tools/bin/../lib/gcc/arm-none-eabi/12.3.1/../../../../arm-none-eabi/lib/thumb/v8-m.main+fp/hard\libc_nano.a(libc_a-stdio.o)
                              D:/libs/CubeIDE/STM32CubeIDE_1.15.1/STM32CubeIDE/plugins/com.st.stm32cube.ide.mcu.externaltools.gnu-tools-for-stm32.12.3.rel1.win32_1.0.100.202403111256/tools/bin/../lib/gcc/arm-none-eabi/12.3.1/../../../../arm-none-eabi/lib/thumb/v8-m.main+fp/hard\libc_nano.a(libc_a-findfp.o) (__sread)
D:/libs/CubeIDE/STM32CubeIDE_1.15.1/STM32CubeIDE/plugins/com.st.stm32cube.ide.mcu.externaltools.gnu-tools-for-stm32.12.3.rel1.win32_1.0.100.202403111256/tools/bin/../lib/gcc/arm-none-eabi/12.3.1/../../../../arm-none-eabi/lib/thumb/v8-m.main+fp/hard\libc_nano.a(libc_a-memset.o)
                              D:/libs/CubeIDE/STM32CubeIDE_1.15.1/STM32CubeIDE/plugins/com.st.stm32cube.ide.mcu.externaltools.gnu-tools-for-stm32.12.3.rel1.win32_1.0.100.202403111256/tools/bin/../lib/gcc/arm-none-eabi/12.3.1/../../../../arm-none-eabi/lib/thumb/v8-m.main+fp/hard/crt0.o (memset)
D:/libs/CubeIDE/STM32CubeIDE_1.15.1/STM32CubeIDE/plugins/com.st.stm32cube.ide.mcu.externaltools.gnu-tools-for-stm32.12.3.rel1.win32_1.0.100.202403111256/tools/bin/../lib/gcc/arm-none-eabi/12.3.1/../../../../arm-none-eabi/lib/thumb/v8-m.main+fp/hard\libc_nano.a(libc_a-closer.o)
                              D:/libs/CubeIDE/STM32CubeIDE_1.15.1/STM32CubeIDE/plugins/com.st.stm32cube.ide.mcu.externaltools.gnu-tools-for-stm32.12.3.rel1.win32_1.0.100.202403111256/tools/bin/../lib/gcc/arm-none-eabi/12.3.1/../../../../arm-none-eabi/lib/thumb/v8-m.main+fp/hard\libc_nano.a(libc_a-stdio.o) (_close_r)
D:/libs/CubeIDE/STM32CubeIDE_1.15.1/STM32CubeIDE/plugins/com.st.stm32cube.ide.mcu.externaltools.gnu-tools-for-stm32.12.3.rel1.win32_1.0.100.202403111256/tools/bin/../lib/gcc/arm-none-eabi/12.3.1/../../../../arm-none-eabi/lib/thumb/v8-m.main+fp/hard\libc_nano.a(libc_a-reent.o)
                              D:/libs/CubeIDE/STM32CubeIDE_1.15.1/STM32CubeIDE/plugins/com.st.stm32cube.ide.mcu.externaltools.gnu-tools-for-stm32.12.3.rel1.win32_1.0.100.202403111256/tools/bin/../lib/gcc/arm-none-eabi/12.3.1/../../../../arm-none-eabi/lib/thumb/v8-m.main+fp/hard\libc_nano.a(libc_a-closer.o) (errno)
D:/libs/CubeIDE/STM32CubeIDE_1.15.1/STM32CubeIDE/plugins/com.st.stm32cube.ide.mcu.externaltools.gnu-tools-for-stm32.12.3.rel1.win32_1.0.100.202403111256/tools/bin/../lib/gcc/arm-none-eabi/12.3.1/../../../../arm-none-eabi/lib/thumb/v8-m.main+fp/hard\libc_nano.a(libc_a-impure.o)
                              D:/libs/CubeIDE/STM32CubeIDE_1.15.1/STM32CubeIDE/plugins/com.st.stm32cube.ide.mcu.externaltools.gnu-tools-for-stm32.12.3.rel1.win32_1.0.100.202403111256/tools/bin/../lib/gcc/arm-none-eabi/12.3.1/../../../../arm-none-eabi/lib/thumb/v8-m.main+fp/hard\libc_nano.a(libc_a-reent.o) (_impure_ptr)
[...]
Memory Configuration

Name             Origin             Length             Attributes
RAM              0x20000000         0x00030000         xrw
RAM2             0x20030000         0x00010000         xrw
FLASH            0x08000000         0x00080000         xr
*default*        0x00000000         0xffffffff

Linker script and memory map

LOAD D:/libs/CubeIDE/STM32CubeIDE_1.15.1/STM32CubeIDE/plugins/com.st.stm32cube.ide.mcu.externaltools.gnu-tools-for-stm32.12.3.rel1.win32_1.0.100.202403111256/tools/bin/../lib/gcc/arm-none-eabi/12.3.1/thumb/v8-m.main+fp/hard/crti.o
LOAD D:/libs/CubeIDE/STM32CubeIDE_1.15.1/STM32CubeIDE/plugins/com.st.stm32cube.ide.mcu.externaltools.gnu-tools-for-stm32.12.3.rel1.win32_1.0.100.202403111256/tools/bin/../lib/gcc/arm-none-eabi/12.3.1/thumb/v8-m.main+fp/hard/crtbegin.o
LOAD D:/libs/CubeIDE/STM32CubeIDE_1.15.1/STM32CubeIDE/plugins/com.st.stm32cube.ide.mcu.externaltools.gnu-tools-for-stm32.12.3.rel1.win32_1.0.100.202403111256/tools/bin/../lib/gcc/arm-none-eabi/12.3.1/../../../../arm-none-eabi/lib/thumb/v8-m.main+fp/hard/crt0.o
LOAD ./Src/adc.o
LOAD ./Src/game_logic.o
LOAD ./Src/gpio.o
LOAD ./Src/icoc.o
LOAD ./Src/interrupt.o
LOAD ./Src/main.o
LOAD ./Src/syscalls.o
LOAD ./Src/sysmem.o
LOAD ./Src/uart.o
LOAD ./Startup/startup_stm32l552zetxq.o
START GROUP
LOAD D:/libs/CubeIDE/STM32CubeIDE_1.15.1/STM32CubeIDE/plugins/com.st.stm32cube.ide.mcu.externaltools.gnu-tools-for-stm32.12.3.rel1.win32_1.0.100.202403111256/tools/bin/../lib/gcc/arm-none-eabi/12.3.1/../../../../arm-none-eabi/lib/thumb/v8-m.main+fp/hard\libc_nano.a
LOAD D:/libs/CubeIDE/STM32CubeIDE_1.15.1/STM32CubeIDE/plugins/com.st.stm32cube.ide.mcu.externaltools.gnu-tools-for-stm32.12.3.rel1.win32_1.0.100.202403111256/tools/bin/../lib/gcc/arm-none-eabi/12.3.1/../../../../arm-none-eabi/lib/thumb/v8-m.main+fp/hard\libm.a
END GROUP
START GROUP
LOAD D:/libs/CubeIDE/STM32CubeIDE_1.15.1/STM32CubeIDE/plugins/com.st.stm32cube.ide.mcu.externaltools.gnu-tools-for-stm32.12.3.rel1.win32_1.0.100.202403111256/tools/bin/../lib/gcc/arm-none-eabi/12.3.1/thumb/v8-m.main+fp/hard\libgcc.a
LOAD D:/libs/CubeIDE/STM32CubeIDE_1.15.1/STM32CubeIDE/plugins/com.st.stm32cube.ide.mcu.externaltools.gnu-tools-for-stm32.12.3.rel1.win32_1.0.100.202403111256/tools/bin/../lib/gcc/arm-none-eabi/12.3.1/../../../../arm-none-eabi/lib/thumb/v8-m.main+fp/hard\libc_nano.a
END GROUP
START GROUP
LOAD D:/libs/CubeIDE/STM32CubeIDE_1.15.1/STM32CubeIDE/plugins/com.st.stm32cube.ide.mcu.externaltools.gnu-tools-for-stm32.12.3.rel1.win32_1.0.100.202403111256/tools/bin/../lib/gcc/arm-none-eabi/12.3.1/thumb/v8-m.main+fp/hard\libgcc.a
LOAD D:/libs/CubeIDE/STM32CubeIDE_1.15.1/STM32CubeIDE/plugins/com.st.stm32cube.ide.mcu.externaltools.gnu-tools-for-stm32.12.3.rel1.win32_1.0.100.202403111256/tools/bin/../lib/gcc/arm-none-eabi/12.3.1/../../../../arm-none-eabi/lib/thumb/v8-m.main+fp/hard\libc_nano.a
LOAD D:/libs/CubeIDE/STM32CubeIDE_1.15.1/STM32CubeIDE/plugins/com.st.stm32cube.ide.mcu.externaltools.gnu-tools-for-stm32.12.3.rel1.win32_1.0.100.202403111256/tools/bin/../lib/gcc/arm-none-eabi/12.3.1/../../../../arm-none-eabi/lib/thumb/v8-m.main+fp/hard\libnosys.a
END GROUP
START GROUP
LOAD D:/libs/CubeIDE/STM32CubeIDE_1.15.1/STM32CubeIDE/plugins/com.st.stm32cube.ide.mcu.externaltools.gnu-tools-for-stm32.12.3.rel1.win32_1.0.100.202403111256/tools/bin/../lib/gcc/arm-none-eabi/12.3.1/thumb/v8-m.main+fp/hard\libgcc.a
LOAD D:/libs/CubeIDE/STM32CubeIDE_1.15.1/STM32CubeIDE/plugins/com.st.stm32cube.ide.mcu.externaltools.gnu-tools-for-stm32.12.3.rel1.win32_1.0.100.202403111256/tools/bin/../lib/gcc/arm-none-eabi/12.3.1/../../../../arm-none-eabi/lib/thumb/v8-m.main+fp/hard\libc_nano.a
LOAD D:/libs/CubeIDE/STM32CubeIDE_1.15.1/STM32CubeIDE/plugins/com.st.stm32cube.ide.mcu.externaltools.gnu-tools-for-stm32.12.3.rel1.win32_1.0.100.202403111256/tools/bin/../lib/gcc/arm-none-eabi/12.3.1/../../../../arm-none-eabi/lib/thumb/v8-m.main+fp/hard\libnosys.a
END GROUP
LOAD D:/libs/CubeIDE/STM32CubeIDE_1.15.1/STM32CubeIDE/plugins/com.st.stm32cube.ide.mcu.externaltools.gnu-tools-for-stm32.12.3.rel1.win32_1.0.100.202403111256/tools/bin/../lib/gcc/arm-none-eabi/12.3.1/thumb/v8-m.main+fp/hard/crtend.o
LOAD D:/libs/CubeIDE/STM32CubeIDE_1.15.1/STM32CubeIDE/plugins/com.st.stm32cube.ide.mcu.externaltools.gnu-tools-for-stm32.12.3.rel1.win32_1.0.100.202403111256/tools/bin/../lib/gcc/arm-none-eabi/12.3.1/thumb/v8-m.main+fp/hard/crtn.o
                0x20030000                        _estack = (ORIGIN (RAM) + LENGTH (RAM))
                0x00000200                        _Min_Heap_Size = 0x200
                0x00000400                        _Min_Stack_Size = 0x400

.isr_vector     0x08000000      0x1f0
                0x08000000                        . = ALIGN (0x4)
 *(.isr_vector)
 .isr_vector    0x08000000      0x1f0 ./Startup/startup_stm32l552zetxq.o
                0x08000000                g_pfnVectors
                0x080001f0                        . = ALIGN (0x4)

.text           0x080001f0      0xd84
                0x080001f0                        . = ALIGN (0x4)
 *(.text)
 .text          0x080001f0       0x40 D:/libs/CubeIDE/STM32CubeIDE_1.15.1/STM32CubeIDE/plugins/com.st.stm32cube.ide.mcu.externaltools.gnu-tools-for-stm32.12.3.rel1.win32_1.0.100.202403111256/tools/bin/../lib/gcc/arm-none-eabi/12.3.1/thumb/v8-m.main+fp/hard/crtbegin.o
 *(.text*)
 .text.setup_adc
                0x08000230      0x100 ./Src/adc.o
                0x08000230                setup_adc
 .text.get_button
                0x08000330       0x6c ./Src/adc.o
                0x08000330                get_button
 .text.reset_game
                0x0800039c       0x3c ./Src/game_logic.o
                0x0800039c                reset_game
 .text.is_current_move_correct
                0x080003d8       0x54 ./Src/game_logic.o
                0x080003d8                is_current_move_correct
 .text.switch_turn
                0x0800042c       0x68 ./Src/game_logic.o
                0x0800042c                switch_turn
 .text.handle_player_turn
                0x08000494       0x98 ./Src/game_logic.o
                0x08000494                handle_player_turn
 .text.handle_opponents_turn
                0x0800052c       0x74 ./Src/game_logic.o
                0x0800052c                handle_opponents_turn
 .text.enable_gpio_data
                0x080005a0       0x48 ./Src/gpio.o
                0x080005a0                enable_gpio_data
 .text.write_gpio_data
                0x080005e8       0x42 ./Src/gpio.o
                0x080005e8                write_gpio_data
 *fill*         0x0800062a        0x2 
 .text.seven_segment_display
                0x0800062c       0x9c ./Src/gpio.o
                0x0800062c                seven_segment_display
 .text.turn_on_LED_RED
                0x080006c8       0x30 ./Src/gpio.o
                0x080006c8                turn_on_LED_RED
 .text.turn_on_LED_BLUE
                0x080006f8       0x30 ./Src/gpio.o
                0x080006f8                turn_on_LED_BLUE
 .text.turn_on_LED_GREEN
                0x08000728       0x30 ./Src/gpio.o
                0x08000728                turn_on_LED_GREEN
 .text.turn_off_LEDs
                0x08000758       0x30 ./Src/gpio.o
                0x08000758                turn_off_LEDs
 .text.GPIO_initialization
                0x08000788       0xa4 ./Src/gpio.o
                0x08000788                GPIO_initialization
 .text.setup_IC
                0x0800082c       0xd8 ./Src/icoc.o
                0x0800082c                setup_IC
 .text.setup_OC
                0x08000904       0xb0 ./Src/icoc.o
                0x08000904                setup_OC
 .text.TIM17_IRQHandler
                0x080009b4       0x4c ./Src/icoc.o
                0x080009b4                TIM17_IRQHandler
 .text.play_tune
                0x08000a00       0xa0 ./Src/icoc.o
                0x08000a00                play_tune
 .text.LPUART1_IRQHandler
                0x08000aa0       0x64 ./Src/interrupt.o
                0x08000aa0                LPUART1_IRQHandler
 .text.TIM16_IRQHandler
                0x08000b04      0x128 ./Src/interrupt.o
                0x08000b04                TIM16_IRQHandler
 .text.ADC1_2_IRQHandler
                0x08000c2c       0x94 ./Src/interrupt.o
                0x08000c2c                ADC1_2_IRQHandler
 .text.setup    0x08000cc0       0x1c ./Src/main.o
                0x08000cc0                setup
 .text.main     0x08000cdc       0x10 ./Src/main.o
                0x08000cdc                main
 .text.send_message
                0x08000cec       0x3c ./Src/uart.o
                0x08000cec                send_message
 .text.read_message
                0x08000d28       0x84 ./Src/uart.o
                0x08000d28                read_message
 .text.LPUART1_initialization
                0x08000dac      0x114 ./Src/uart.o
                0x08000dac                LPUART1_initialization
 .text.Reset_Handler
                0x08000ec0       0x50 ./Startup/startup_stm32l552zetxq.o
                0x08000ec0                Reset_Handler
 .text.Default_Handler
                0x08000f10        0x2 ./Startup/startup_stm32l552zetxq.o
                0x08000f10                EXTI2_IRQHandler
                0x08000f10                TIM8_TRG_COM_IRQHandler
                0x08000f10                TIM8_CC_IRQHandler
                0x08000f10                EXTI5_IRQHandler
                0x08000f10                DMA2_CH8_IRQHandler
                0x08000f10                DebugMon_Handler
                0x08000f10                FLASH_S_IRQHandler
                0x08000f10                EXTI13_IRQHandler
                0x08000f10                TIM1_CC_IRQHandler
                0x08000f10                TSC_IRQHandler
                0x08000f10                HardFault_Handler
                0x08000f10                TAMP_IRQHandler
                0x08000f10                TIM6_IRQHandler
                0x08000f10                EXTI12_IRQHandler
                0x08000f10                SysTick_Handler
                0x08000f10                PendSV_Handler
                0x08000f10                NMI_Handler
                0x08000f10                EXTI3_IRQHandler
                0x08000f10                EXTI8_IRQHandler
                0x08000f10                LPTIM2_IRQHandler
                0x08000f10                DFSDM1_FLT1_IRQHandler
                0x08000f10                USB_FS_IRQHandler
                0x08000f10                I2C3_ER_IRQHandler
                0x08000f10                DFSDM1_FLT2_IRQHandler
                0x08000f10                LPTIM3_IRQHandler
                0x08000f10                EXTI0_IRQHandler
                0x08000f10                I2C2_EV_IRQHandler
                0x08000f10                DMA2_CH1_IRQHandler
                0x08000f10                FDCAN1_IT1_IRQHandler
                0x08000f10                DMA2_CH7_IRQHandler
                0x08000f10                UsageFault_Handler
                0x08000f10                SPI1_IRQHandler
                0x08000f10                OCTOSPI1_IRQHandler
                0x08000f10                TIM8_UP_IRQHandler
                0x08000f10                RCC_S_IRQHandler
                0x08000f10                DMA1_Channel4_IRQHandler
                0x08000f10                SAI2_IRQHandler
                0x08000f10                DFSDM1_FLT3_IRQHandler
                0x08000f10                EXTI15_IRQHandler
                0x08000f10                USART3_IRQHandler
                0x08000f10                RTC_IRQHandler
                0x08000f10                EXTI9_IRQHandler
                0x08000f10                DMA1_Channel7_IRQHandler
                0x08000f10                UART5_IRQHandler
                0x08000f10                TIM4_IRQHandler
                0x08000f10                I2C1_EV_IRQHandler
                0x08000f10                DMA2_CH5_IRQHandler
                0x08000f10                DMAMUX1_OVR_IRQHandler
                0x08000f10                DMA1_Channel6_IRQHandler
                0x08000f10                UART4_IRQHandler
                0x08000f10                SecureFault_Handler
                0x08000f10                TIM3_IRQHandler
                0x08000f10                RCC_IRQHandler
                0x08000f10                TIM1_TRG_COM_IRQHandler
                0x08000f10                DMA1_Channel1_IRQHandler
                0x08000f10                Default_Handler
                0x08000f10                DMAMUX1_OVR_S_IRQHandler
                0x08000f10                DMA1_Channel8_IRQHandler
                0x08000f10                TIM7_IRQHandler
                0x08000f10                SDMMC1_IRQHandler
                0x08000f10                TIM5_IRQHandler
                0x08000f10                UCPD1_IRQHandler
                0x08000f10                TIM15_IRQHandler
                0x08000f10                I2C3_EV_IRQHandler
                0x08000f10                PVD_PVM_IRQHandler
                0x08000f10                SPI2_IRQHandler
                0x08000f10                MemManage_Handler
                0x08000f10                EXTI14_IRQHandler
                0x08000f10                EXTI11_IRQHandler
                0x08000f10                SVC_Handler
                0x08000f10                CRS_IRQHandler
                0x08000f10                DMA1_Channel5_IRQHandler
                0x08000f10                EXTI4_IRQHandler
                0x08000f10                RTC_S_IRQHandler
                0x08000f10                RNG_IRQHandler
                0x08000f10                DMA1_Channel3_IRQHandler
                0x08000f10                COMP_IRQHandler
                0x08000f10                TIM1_UP_IRQHandler
                0x08000f10                WWDG_IRQHandler
                0x08000f10                I2C4_EV_IRQHandler
                0x08000f10                FDCAN1_IT0_IRQHandler
                0x08000f10                TIM2_IRQHandler
                0x08000f10                TAMP_S_IRQHandler
                0x08000f10                EXTI7_IRQHandler
                0x08000f10                TIM1_BRK_IRQHandler
                0x08000f10                DAC_IRQHandler
                0x08000f10                EXTI1_IRQHandler
                0x08000f10                GTZC_IRQHandler
                0x08000f10                USART2_IRQHandler
                0x08000f10                DFSDM1_FLT0_IRQHandler
                0x08000f10                I2C2_ER_IRQHandler
                0x08000f10                DMA1_Channel2_IRQHandler
                0x08000f10                TIM8_BRK_IRQHandler
                0x08000f10                FLASH_IRQHandler
                0x08000f10                BusFault_Handler
                0x08000f10                USART1_IRQHandler
                0x08000f10                EXTI10_IRQHandler
                0x08000f10                SPI3_IRQHandler
                0x08000f10                DMA2_CH6_IRQHandler
                0x08000f10                DMA2_CH3_IRQHandler
                0x08000f10                DMA2_CH2_IRQHandler
                0x08000f10                I2C1_ER_IRQHandler
                0x08000f10                FMC_IRQHandler
                0x08000f10                DMA2_CH4_IRQHandler
                0x08000f10                EXTI6_IRQHandler
                0x08000f10                LPTIM1_IRQHandler
                0x08000f10                I2C4_ER_IRQHandler
                0x08000f10                ICACHE_IRQHandler
                0x08000f10                SAI1_IRQHandler
                0x08000f10                HASH_IRQHandler
 *fill*         0x08000f12        0x2 
 .text.__libc_init_array
                0x08000f14       0x48 D:/libs/CubeIDE/STM32CubeIDE_1.15.1/STM32CubeIDE/plugins/com.st.stm32cube.ide.mcu.externaltools.gnu-tools-for-stm32.12.3.rel1.win32_1.0.100.202403111256/tools/bin/../lib/gcc/arm-none-eabi/12.3.1/../../../../arm-none-eabi/lib/thumb/v8-m.main+fp/hard\libc_nano.a(libc_a-init.o)
                0x08000f14                __libc_init_array
 *(.glue_7)
 .glue_7        0x08000f5c        0x0 linker stubs
 *(.glue_7t)
 .glue_7t       0x08000f5c        0x0 linker stubs
 *(.eh_frame)
 .eh_frame      0x08000f5c        0x0 D:/libs/CubeIDE/STM32CubeIDE_1.15.1/STM32CubeIDE/plugins/com.st.stm32cube.ide.mcu.externaltools.gnu-tools-for-stm32.12.3.rel1.win32_1.0.100.202403111256/tools/bin/../lib/gcc/arm-none-eabi/12.3.1/thumb/v8-m.main+fp/hard/crtbegin.o
 *(.init)
 .init          0x08000f5c        0x4 D:/libs/CubeIDE/STM32CubeIDE_1.15.1/STM32CubeIDE/plugins/com.st.stm32cube.ide.mcu.externaltools.gnu-tools-for-stm32.12.3.rel1.win32_1.0.100.202403111256/tools/bin/../lib/gcc/arm-none-eabi/12.3.1/thumb/v8-m.main+fp/hard/crti.o
                0x08000f5c                _init
 .init          0x08000f60        0x8 D:/libs/CubeIDE/STM32CubeIDE_1.15.1/STM32CubeIDE/plugins/com.st.stm32cube.ide.mcu.externaltools.gnu-tools-for-stm32.12.3.rel1.win32_1.0.100.202403111256/tools/bin/../lib/gcc/arm-none-eabi/12.3.1/thumb/v8-m.main+fp/hard/crtn.o
 *(.fini)
 .fini          0x08000f68        0x4 D:/libs/CubeIDE/STM32CubeIDE_1.15.1/STM32CubeIDE/plugins/com.st.stm32cube.ide.mcu.externaltools.gnu-tools-for-stm32.12.3.rel1.win32_1.0.100.202403111256/tools/bin/../lib/gcc/arm-none-eabi/12.3.1/thumb/v8-m.main+fp/hard/crti.o
                0x08000f68                _fini
 .fini          0x08000f6c        0x8 D:/libs/CubeIDE/STM32CubeIDE_1.15.1/STM32CubeIDE/plugins/com.st.stm32cube.ide.mcu.externaltools.gnu-tools-for-stm32.12.3.rel1.win32_1.0.100.202403111256/tools/bin/../lib/gcc/arm-none-eabi/12.3.1/thumb/v8-m.main+fp/hard/crtn.o
                0x08000f74                        . = ALIGN (0x4)
                0x08000f74                        _etext = .

.vfp11_veneer   0x08000f74        0x0
 .vfp11_veneer  0x08000f74        0x0 linker stubs

.v4_bx          0x08000f74        0x0
 .v4_bx         0x08000f74        0x0 linker stubs

.iplt           0x08000f74        0x0
 .iplt          0x08000f74        0x0 D:/libs/CubeIDE/STM32CubeIDE_1.15.1/STM32CubeIDE/plugins/com.st.stm32cube.ide.mcu.externaltools.gnu-tools-for-stm32.12.3.rel1.win32_1.0.100.202403111256/tools/bin/../lib/gcc/arm-none-eabi/12.3.1/thumb/v8-m.main+fp/hard/crtbegin.o

.rodata         0x08000f74       0x44
                0x08000f74                        . = ALIGN (0x4)
 *(.rodata)
 .rodata        0x08000f74       0x28 ./Src/gpio.o
 *(.rodata*)
 .rodata.tunes.0
                0x08000f9c       0x1c ./Src/icoc.o
                0x08000fb8                        . = ALIGN (0x4)

.ARM.extab      0x08000fb8        0x0
                0x08000fb8                        . = ALIGN (0x4)
 *(.ARM.extab* .gnu.linkonce.armextab.*)
                0x08000fb8                        . = ALIGN (0x4)

.ARM            0x08000fb8        0x0
                0x08000fb8                        . = ALIGN (0x4)
                0x08000fb8                        __exidx_start = .
 *(.ARM.exidx*)
                0x08000fb8                        __exidx_end = .
                0x08000fb8                        . = ALIGN (0x4)

.preinit_array  0x08000fb8        0x0
                0x08000fb8                        . = ALIGN (0x4)
                0x08000fb8                        PROVIDE (__preinit_array_start = .)
 *(.preinit_array*)
                0x08000fb8                        PROVIDE (__preinit_array_end = .)
                0x08000fb8                        . = ALIGN (0x4)

.init_array     0x08000fb8        0x4
                0x08000fb8                        . = ALIGN (0x4)
                0x08000fb8                        PROVIDE (__init_array_start = .)
 *(SORT_BY_NAME(.init_array.*))
 *(.init_array*)
 .init_array    0x08000fb8        0x4 D:/libs/CubeIDE/STM32CubeIDE_1.15.1/STM32CubeIDE/plugins/com.st.stm32cube.ide.mcu.externaltools.gnu-tools-for-stm32.12.3.rel1.win32_1.0.100.202403111256/tools/bin/../lib/gcc/arm-none-eabi/12.3.1/thumb/v8-m.main+fp/hard/crtbegin.o
                0x08000fbc                        PROVIDE (__init_array_end = .)
                0x08000fbc                        . = ALIGN (0x4)

.fini_array     0x08000fbc        0x4
                0x08000fbc                        . = ALIGN (0x4)
                [!provide]                        PROVIDE (__fini_array_start = .)
 *(SORT_BY_NAME(.fini_array.*))
 *(.fini_array*)
 .fini_array    0x08000fbc        0x4 D:/libs/CubeIDE/STM32CubeIDE_1.15.1/STM32CubeIDE/plugins/com.st.stm32cube.ide.mcu.externaltools.gnu-tools-for-stm32.12.3.rel1.win32_1.0.100.202403111256/tools/bin/../lib/gcc/arm-none-eabi/12.3.1/thumb/v8-m.main+fp/hard/crtbegin.o
                [!provide]                        PROVIDE (__fini_array_end = .)
                0x08000fc0                        . = ALIGN (0x4)
                0x08000fc0                        _sidata = LOADADDR (.data)

.rel.dyn        0x08000fc0        0x0
 .rel.iplt      0x08000fc0        0x0 D:/libs/CubeIDE/STM32CubeIDE_1.15.1/STM32CubeIDE/plugins/com.st.stm32cube.ide.mcu.externaltools.gnu-tools-for-stm32.12.3.rel1.win32_1.0.100.202403111256/tools/bin/../lib/gcc/arm-none-eabi/12.3.1/thumb/v8-m.main+fp/hard/crtbegin.o

.data           0x20000000       0xa0 load address 0x08000fc0
                0x20000000                        . = ALIGN (0x4)
                0x20000000                        _sdata = .
 *(.data)
 *(.data*)
 .data.seven_segment_pins
                0x20000000       0x60 ./Src/gpio.o
                0x20000000                seven_segment_pins
 .data.input_pins
                0x20000060       0x18 ./Src/gpio.o
                0x20000060                input_pins
 .data.led_pins
                0x20000078       0x24 ./Src/gpio.o
                0x20000078                led_pins
 .data.button_pressed
                0x2000009c        0x4 ./Src/interrupt.o
                0x2000009c                button_pressed
 *(.RamFunc)
 *(.RamFunc*)
                0x200000a0                        . = ALIGN (0x4)
                0x200000a0                        _edata = .

.igot.plt       0x200000a0        0x0 load address 0x08001060
 .igot.plt      0x200000a0        0x0 D:/libs/CubeIDE/STM32CubeIDE_1.15.1/STM32CubeIDE/plugins/com.st.stm32cube.ide.mcu.externaltools.gnu-tools-for-stm32.12.3.rel1.win32_1.0.100.202403111256/tools/bin/../lib/gcc/arm-none-eabi/12.3.1/thumb/v8-m.main+fp/hard/crtbegin.o
                0x200000a0                        . = ALIGN (0x4)

.bss            0x200000a0      0x164 load address 0x08001060
                0x200000a0                        _sbss = .
                0x200000a0                        __bss_start__ = _sbss
 *(.bss)
 .bss           0x200000a0       0x1c D:/libs/CubeIDE/STM32CubeIDE_1.15.1/STM32CubeIDE/plugins/com.st.stm32cube.ide.mcu.externaltools.gnu-tools-for-stm32.12.3.rel1.win32_1.0.100.202403111256/tools/bin/../lib/gcc/arm-none-eabi/12.3.1/thumb/v8-m.main+fp/hard/crtbegin.o
 *(.bss*)
 .bss.current_turn
                0x200000bc        0x1 ./Src/game_logic.o
                0x200000bc                current_turn
 *fill*         0x200000bd        0x3 
 .bss.memory    0x200000c0      0x12c ./Src/game_logic.o
                0x200000c0                memory
 .bss.current_memory_index
                0x200001ec        0x4 ./Src/game_logic.o
                0x200001ec                current_memory_index
 .bss.turn_counter
                0x200001f0        0x4 ./Src/game_logic.o
                0x200001f0                turn_counter
 .bss._tune_player_context
                0x200001f4        0x4 ./Src/icoc.o
                0x200001f4                _tune_player_context
 .bss.ic_on_progress
                0x200001f8        0x4 ./Src/interrupt.o
                0x200001f8                ic_on_progress
 .bss.ic        0x200001fc        0x8 ./Src/interrupt.o
                0x200001fc                ic
 *(COMMON)
                0x20000204                        . = ALIGN (0x4)
                0x20000204                        _ebss = .
                0x20000204                        __bss_end__ = _ebss

._user_heap_stack
                0x20000204      0x604 load address 0x08001060
                0x20000208                        . = ALIGN (0x8)
 *fill*         0x20000204        0x4 
                [!provide]                        PROVIDE (end = .)
                0x20000208                        PROVIDE (_end = .)
                0x20000408                        . = (. + _Min_Heap_Size)
 *fill*         0x20000208      0x200 
                0x20000808                        . = (. + _Min_Stack_Size)
 *fill*         0x20000408      0x400 
                0x20000808                        . = ALIGN (0x8)

/DISCARD/
 libc.a(*)
 libm.a(*)
 libgcc.a(*)

.ARM.attributes
                0x00000000       0x36
 *(.ARM.attributes)
 .ARM.attributes
                0x00000000       0x26 D:/libs/CubeIDE/STM32CubeIDE_1.15.1/STM32CubeIDE/plugins/com.st.stm32cube.ide.mcu.externaltools.gnu-tools-for-stm32.12.3.rel1.win32_1.0.100.202403111256/tools/bin/../lib/gcc/arm-none-eabi/12.3.1/thumb/v8-m.main+fp/hard/crti.o
 .ARM.attributes
                0x00000026       0x38 D:/libs/CubeIDE/STM32CubeIDE_1.15.1/STM32CubeIDE/plugins/com.st.stm32cube.ide.mcu.externaltools.gnu-tools-for-stm32.12.3.rel1.win32_1.0.100.202403111256/tools/bin/../lib/gcc/arm-none-eabi/12.3.1/thumb/v8-m.main+fp/hard/crtbegin.o
 .ARM.attributes
                0x0000005e       0x3a ./Src/adc.o
 .ARM.attributes
                0x00000098       0x3a ./Src/game_logic.o
 .ARM.attributes
                0x000000d2       0x3a ./Src/gpio.o
 .ARM.attributes
                0x0000010c       0x3a ./Src/icoc.o
 .ARM.attributes
                0x00000146       0x3a ./Src/interrupt.o
 .ARM.attributes
                0x00000180       0x3a ./Src/main.o
 .ARM.attributes
                0x000001ba       0x3a ./Src/uart.o
 .ARM.attributes
                0x000001f4       0x24 ./Startup/startup_stm32l552zetxq.o
 .ARM.attributes
                0x00000218       0x38 D:/libs/CubeIDE/STM32CubeIDE_1.15.1/STM32CubeIDE/plugins/com.st.stm32cube.ide.mcu.externaltools.gnu-tools-for-stm32.12.3.rel1.win32_1.0.100.202403111256/tools/bin/../lib/gcc/arm-none-eabi/12.3.1/../../../../arm-none-eabi/lib/thumb/v8-m.main+fp/hard\libc_nano.a(libc_a-init.o)
 .ARM.attributes
                0x00000250       0x26 D:/libs/CubeIDE/STM32CubeIDE_1.15.1/STM32CubeIDE/plugins/com.st.stm32cube.ide.mcu.externaltools.gnu-tools-for-stm32.12.3.rel1.win32_1.0.100.202403111256/tools/bin/../lib/gcc/arm-none-eabi/12.3.1/thumb/v8-m.main+fp/hard/crtn.o
OUTPUT(ICOC-PI-SUBMITTION.elf elf32-littlearm)
LOAD linker stubs
LOAD D:/libs/CubeIDE/STM32CubeIDE_1.15.1/STM32CubeIDE/plugins/com.st.stm32cube.ide.mcu.externaltools.gnu-tools-for-stm32.12.3.rel1.win32_1.0.100.202403111256/tools/bin/../lib/gcc/arm-none-eabi/12.3.1/../../../../arm-none-eabi/lib/thumb/v8-m.main+fp/hard\libc.a
LOAD D:/libs/CubeIDE/STM32CubeIDE_1.15.1/STM32CubeIDE/plugins/com.st.stm32cube.ide.mcu.externaltools.gnu-tools-for-stm32.12.3.rel1.win32_1.0.100.202403111256/tools/bin/../lib/gcc/arm-none-eabi/12.3.1/../../../../arm-none-eabi/lib/thumb/v8-m.main+fp/hard\libm.a
LOAD D:/libs/CubeIDE/STM32CubeIDE_1.15.1/STM32CubeIDE/plugins/com.st.stm32cube.ide.mcu.externaltools.gnu-tools-for-stm32.12.3.rel1.win32_1.0.100.202403111256/tools/bin/../lib/gcc/arm-none-eabi/12.3.1/thumb/v8-m.main+fp/hard\libgcc.a

.debug_info     0x00000000     0x1800
 .debug_info    0x00000000      0x2e6 ./Src/adc.o
 .debug_info    0x000002e6      0x2d4 ./Src/game_logic.o
 .debug_info    0x000005ba      0x3e6 ./Src/gpio.o
 .debug_info    0x000009a0      0x510 ./Src/icoc.o
 .debug_info    0x00000eb0      0x590 ./Src/interrupt.o
 .debug_info    0x00001440       0xe2 ./Src/main.o
 .debug_info    0x00001522      0x2ae ./Src/uart.o
 .debug_info    0x000017d0       0x30 ./Startup/startup_stm32l552zetxq.o

.debug_abbrev   0x00000000      0x8a6
 .debug_abbrev  0x00000000       0xba ./Src/adc.o
 .debug_abbrev  0x000000ba      0x171 ./Src/game_logic.o
 .debug_abbrev  0x0000022b      0x1c1 ./Src/gpio.o
 .debug_abbrev  0x000003ec      0x15c ./Src/icoc.o
 .debug_abbrev  0x00000548      0x1b9 ./Src/interrupt.o
 .debug_abbrev  0x00000701       0x89 ./Src/main.o
 .debug_abbrev  0x0000078a       0xf8 ./Src/uart.o
 .debug_abbrev  0x00000882       0x24 ./Startup/startup_stm32l552zetxq.o

.debug_aranges  0x00000000      0x1d0
 .debug_aranges
                0x00000000       0x28 ./Src/adc.o
 .debug_aranges
                0x00000028       0x40 ./Src/game_logic.o
 .debug_aranges
                0x00000068       0x68 ./Src/gpio.o
 .debug_aranges
                0x000000d0       0x48 ./Src/icoc.o
 .debug_aranges
                0x00000118       0x38 ./Src/interrupt.o
 .debug_aranges
                0x00000150       0x28 ./Src/main.o
 .debug_aranges
                0x00000178       0x30 ./Src/uart.o
 .debug_aranges
                0x000001a8       0x28 ./Startup/startup_stm32l552zetxq.o

.debug_rnglists
                0x00000000      0x13f
 .debug_rnglists
                0x00000000       0x1a ./Src/adc.o
 .debug_rnglists
                0x0000001a       0x2c ./Src/game_logic.o
 .debug_rnglists
                0x00000046       0x4b ./Src/gpio.o
 .debug_rnglists
                0x00000091       0x34 ./Src/icoc.o
 .debug_rnglists
                0x000000c5       0x27 ./Src/interrupt.o
 .debug_rnglists
                0x000000ec       0x19 ./Src/main.o
 .debug_rnglists
                0x00000105       0x21 ./Src/uart.o
 .debug_rnglists
                0x00000126       0x19 ./Startup/startup_stm32l552zetxq.o

.debug_macro    0x00000000     0x160c
 .debug_macro   0x00000000       0x7b ./Src/adc.o
 .debug_macro   0x0000007b      0xac6 ./Src/adc.o
 .debug_macro   0x00000b41       0x22 ./Src/adc.o
 .debug_macro   0x00000b63       0x8e ./Src/adc.o
 .debug_macro   0x00000bf1       0x51 ./Src/adc.o
 .debug_macro   0x00000c42      0x103 ./Src/adc.o
 .debug_macro   0x00000d45       0x6a ./Src/adc.o
 .debug_macro   0x00000daf      0x1df ./Src/adc.o
 .debug_macro   0x00000f8e       0xc4 ./Src/adc.o
 .debug_macro   0x00001052       0x10 ./Src/adc.o
 .debug_macro   0x00001062       0xc6 ./Src/game_logic.o
 .debug_macro   0x00001128       0x22 ./Src/game_logic.o
 .debug_macro   0x0000114a       0x1c ./Src/game_logic.o
 .debug_macro   0x00001166       0x16 ./Src/game_logic.o
 .debug_macro   0x0000117c       0x16 ./Src/game_logic.o
 .debug_macro   0x00001192       0x76 ./Src/gpio.o
 .debug_macro   0x00001208       0xcc ./Src/icoc.o
 .debug_macro   0x000012d4       0x10 ./Src/icoc.o
 .debug_macro   0x000012e4       0xd0 ./Src/interrupt.o
 .debug_macro   0x000013b4       0xbe ./Src/interrupt.o
 .debug_macro   0x00001472       0xd0 ./Src/main.o
 .debug_macro   0x00001542       0xca ./Src/uart.o

.debug_line     0x00000000     0x2615
 .debug_line    0x00000000      0x4e4 ./Src/adc.o
 .debug_line    0x000004e4      0x57e ./Src/game_logic.o
 .debug_line    0x00000a62      0x5d7 ./Src/gpio.o
 .debug_line    0x00001039      0x5bd ./Src/icoc.o
 .debug_line    0x000015f6      0x5b7 ./Src/interrupt.o
 .debug_line    0x00001bad      0x498 ./Src/main.o
 .debug_line    0x00002045      0x555 ./Src/uart.o
 .debug_line    0x0000259a       0x7b ./Startup/startup_stm32l552zetxq.o

.debug_str      0x00000000     0x47a6
 .debug_str     0x00000000     0x4227 ./Src/adc.o
                               0x4399 (size before relaxing)
 .debug_str     0x00004227      0x249 ./Src/game_logic.o
                               0x4515 (size before relaxing)
 .debug_str     0x00004470      0x10c ./Src/gpio.o
                               0x441e (size before relaxing)
 .debug_str     0x0000457c       0xea ./Src/icoc.o
                               0x4541 (size before relaxing)
 .debug_str     0x00004666       0xc2 ./Src/interrupt.o
                               0x45a0 (size before relaxing)
 .debug_str     0x00004728       0x30 ./Src/main.o
                               0x43f4 (size before relaxing)
 .debug_str     0x00004758        0xe ./Src/uart.o
                               0x4473 (size before relaxing)
 .debug_str     0x00004766       0x40 ./Startup/startup_stm32l552zetxq.o
                                 0x6e (size before relaxing)

.comment        0x00000000       0x43
 .comment       0x00000000       0x43 ./Src/adc.o
                                 0x44 (size before relaxing)
 .comment       0x00000043       0x44 ./Src/game_logic.o
 .comment       0x00000043       0x44 ./Src/gpio.o
 .comment       0x00000043       0x44 ./Src/icoc.o
 .comment       0x00000043       0x44 ./Src/interrupt.o
 .comment       0x00000043       0x44 ./Src/main.o
 .comment       0x00000043       0x44 ./Src/uart.o

.debug_frame    0x00000000      0x500
 .debug_frame   0x00000000       0x58 ./Src/adc.o
 .debug_frame   0x00000058       0xb8 ./Src/game_logic.o
 .debug_frame   0x00000110      0x168 ./Src/gpio.o
 .debug_frame   0x00000278       0xf8 ./Src/icoc.o
 .debug_frame   0x00000370       0x9c ./Src/interrupt.o
 .debug_frame   0x0000040c       0x48 ./Src/main.o
 .debug_frame   0x00000454       0x80 ./Src/uart.o
 .debug_frame   0x000004d4       0x2c D:/libs/CubeIDE/STM32CubeIDE_1.15.1/STM32CubeIDE/plugins/com.st.stm32cube.ide.mcu.externaltools.gnu-tools-for-stm32.12.3.rel1.win32_1.0.100.202403111256/tools/bin/../lib/gcc/arm-none-eabi/12.3.1/../../../../arm-none-eabi/lib/thumb/v8-m.main+fp/hard\libc_nano.a(libc_a-init.o)

.debug_line_str
                0x00000000       0x52
 .debug_line_str
                0x00000000       0x52 ./Startup/startup_stm32l552zetxq.o
