Archive member included to satisfy reference by file (symbol)

/Applications/STM32CubeIDE.app/Contents/Eclipse/plugins/com.st.stm32cube.ide.mcu.externaltools.gnu-tools-for-stm32.12.3.rel1.macos64_1.0.100.202403111906/tools/bin/../lib/gcc/arm-none-eabi/12.3.1/../../../../arm-none-eabi/lib/thumb/v8-m.main+fp/hard/libc_nano.a(libc_a-exit.o)
                              /Applications/STM32CubeIDE.app/Contents/Eclipse/plugins/com.st.stm32cube.ide.mcu.externaltools.gnu-tools-for-stm32.12.3.rel1.macos64_1.0.100.202403111906/tools/bin/../lib/gcc/arm-none-eabi/12.3.1/../../../../arm-none-eabi/lib/thumb/v8-m.main+fp/hard/crt0.o (exit)
/Applications/STM32CubeIDE.app/Contents/Eclipse/plugins/com.st.stm32cube.ide.mcu.externaltools.gnu-tools-for-stm32.12.3.rel1.macos64_1.0.100.202403111906/tools/bin/../lib/gcc/arm-none-eabi/12.3.1/../../../../arm-none-eabi/lib/thumb/v8-m.main+fp/hard/libc_nano.a(libc_a-findfp.o)
                              /Applications/STM32CubeIDE.app/Contents/Eclipse/plugins/com.st.stm32cube.ide.mcu.externaltools.gnu-tools-for-stm32.12.3.rel1.macos64_1.0.100.202403111906/tools/bin/../lib/gcc/arm-none-eabi/12.3.1/../../../../arm-none-eabi/lib/thumb/v8-m.main+fp/hard/libc_nano.a(libc_a-exit.o) (__stdio_exit_handler)
/Applications/STM32CubeIDE.app/Contents/Eclipse/plugins/com.st.stm32cube.ide.mcu.externaltools.gnu-tools-for-stm32.12.3.rel1.macos64_1.0.100.202403111906/tools/bin/../lib/gcc/arm-none-eabi/12.3.1/../../../../arm-none-eabi/lib/thumb/v8-m.main+fp/hard/libc_nano.a(libc_a-fwalk.o)
                              /Applications/STM32CubeIDE.app/Contents/Eclipse/plugins/com.st.stm32cube.ide.mcu.externaltools.gnu-tools-for-stm32.12.3.rel1.macos64_1.0.100.202403111906/tools/bin/../lib/gcc/arm-none-eabi/12.3.1/../../../../arm-none-eabi/lib/thumb/v8-m.main+fp/hard/libc_nano.a(libc_a-findfp.o) (_fwalk_sglue)
/Applications/STM32CubeIDE.app/Contents/Eclipse/plugins/com.st.stm32cube.ide.mcu.externaltools.gnu-tools-for-stm32.12.3.rel1.macos64_1.0.100.202403111906/tools/bin/../lib/gcc/arm-none-eabi/12.3.1/../../../../arm-none-eabi/lib/thumb/v8-m.main+fp/hard/libc_nano.a(libc_a-memset.o)
                              /Applications/STM32CubeIDE.app/Contents/Eclipse/plugins/com.st.stm32cube.ide.mcu.externaltools.gnu-tools-for-stm32.12.3.rel1.macos64_1.0.100.202403111906/tools/bin/../lib/gcc/arm-none-eabi/12.3.1/../../../../arm-none-eabi/lib/thumb/v8-m.main+fp/hard/crt0.o (memset)
/Applications/STM32CubeIDE.app/Contents/Eclipse/plugins/com.st.stm32cube.ide.mcu.externaltools.gnu-tools-for-stm32.12.3.rel1.macos64_1.0.100.202403111906/tools/bin/../lib/gcc/arm-none-eabi/12.3.1/../../../../arm-none-eabi/lib/thumb/v8-m.main+fp/hard/libc_nano.a(libc_a-impure.o)
                              /Applications/STM32CubeIDE.app/Contents/Eclipse/plugins/com.st.stm32cube.ide.mcu.externaltools.gnu-tools-for-stm32.12.3.rel1.macos64_1.0.100.202403111906/tools/bin/../lib/gcc/arm-none-eabi/12.3.1/../../../../arm-none-eabi/lib/thumb/v8-m.main+fp/hard/libc_nano.a(libc_a-findfp.o) (_impure_data)
/Applications/STM32CubeIDE.app/Contents/Eclipse/plugins/com.st.stm32cube.ide.mcu.externaltools.gnu-tools-for-stm32.12.3.rel1.macos64_1.0.100.202403111906/tools/bin/../lib/gcc/arm-none-eabi/12.3.1/../../../../arm-none-eabi/lib/thumb/v8-m.main+fp/hard/libc_nano.a(libc_a-errno.o)
                              ./Src/syscalls.o (__errno)
/Applications/STM32CubeIDE.app/Contents/Eclipse/plugins/com.st.stm32cube.ide.mcu.externaltools.gnu-tools-for-stm32.12.3.rel1.macos64_1.0.100.202403111906/tools/bin/../lib/gcc/arm-none-eabi/12.3.1/../../../../arm-none-eabi/lib/thumb/v8-m.main+fp/hard/libc_nano.a(libc_a-init.o)
                              /Applications/STM32CubeIDE.app/Contents/Eclipse/plugins/com.st.stm32cube.ide.mcu.externaltools.gnu-tools-for-stm32.12.3.rel1.macos64_1.0.100.202403111906/tools/bin/../lib/gcc/arm-none-eabi/12.3.1/../../../../arm-none-eabi/lib/thumb/v8-m.main+fp/hard/crt0.o (__libc_init_array)
/Applications/STM32CubeIDE.app/Contents/Eclipse/plugins/com.st.stm32cube.ide.mcu.externaltools.gnu-tools-for-stm32.12.3.rel1.macos64_1.0.100.202403111906/tools/bin/../lib/gcc/arm-none-eabi/12.3.1/../../../../arm-none-eabi/lib/thumb/v8-m.main+fp/hard/libc_nano.a(libc_a-lock.o)
                              /Applications/STM32CubeIDE.app/Contents/Eclipse/plugins/com.st.stm32cube.ide.mcu.externaltools.gnu-tools-for-stm32.12.3.rel1.macos64_1.0.100.202403111906/tools/bin/../lib/gcc/arm-none-eabi/12.3.1/../../../../arm-none-eabi/lib/thumb/v8-m.main+fp/hard/libc_nano.a(libc_a-findfp.o) (__retarget_lock_init_recursive)
/Applications/STM32CubeIDE.app/Contents/Eclipse/plugins/com.st.stm32cube.ide.mcu.externaltools.gnu-tools-for-stm32.12.3.rel1.macos64_1.0.100.202403111906/tools/bin/../lib/gcc/arm-none-eabi/12.3.1/../../../../arm-none-eabi/lib/thumb/v8-m.main+fp/hard/libc_nano.a(libc_a-mallocr.o)
[...]
Memory Configuration

Name             Origin             Length             Attributes
RAM              0x20000000         0x00030000         xrw
RAM2             0x20030000         0x00010000         xrw
FLASH            0x08000000         0x00080000         xr
*default*        0x00000000         0xffffffff

Linker script and memory map

LOAD /Applications/STM32CubeIDE.app/Contents/Eclipse/plugins/com.st.stm32cube.ide.mcu.externaltools.gnu-tools-for-stm32.12.3.rel1.macos64_1.0.100.202403111906/tools/bin/../lib/gcc/arm-none-eabi/12.3.1/thumb/v8-m.main+fp/hard/crti.o
LOAD /Applications/STM32CubeIDE.app/Contents/Eclipse/plugins/com.st.stm32cube.ide.mcu.externaltools.gnu-tools-for-stm32.12.3.rel1.macos64_1.0.100.202403111906/tools/bin/../lib/gcc/arm-none-eabi/12.3.1/thumb/v8-m.main+fp/hard/crtbegin.o
LOAD /Applications/STM32CubeIDE.app/Contents/Eclipse/plugins/com.st.stm32cube.ide.mcu.externaltools.gnu-tools-for-stm32.12.3.rel1.macos64_1.0.100.202403111906/tools/bin/../lib/gcc/arm-none-eabi/12.3.1/../../../../arm-none-eabi/lib/thumb/v8-m.main+fp/hard/crt0.o
LOAD ./Src/adc.o
LOAD ./Src/game_logic.o
LOAD ./Src/gpio.o
LOAD ./Src/icoc.o
LOAD ./Src/interrupt.o
LOAD ./Src/main.o
LOAD ./Src/syscalls.o
LOAD ./Src/sysmem.o
LOAD ./Src/uart.o
LOAD ./Startup/startup_stm32l552zetxq.o
START GROUP
LOAD /Applications/STM32CubeIDE.app/Contents/Eclipse/plugins/com.st.stm32cube.ide.mcu.externaltools.gnu-tools-for-stm32.12.3.rel1.macos64_1.0.100.202403111906/tools/bin/../lib/gcc/arm-none-eabi/12.3.1/../../../../arm-none-eabi/lib/thumb/v8-m.main+fp/hard/libc_nano.a
LOAD /Applications/STM32CubeIDE.app/Contents/Eclipse/plugins/com.st.stm32cube.ide.mcu.externaltools.gnu-tools-for-stm32.12.3.rel1.macos64_1.0.100.202403111906/tools/bin/../lib/gcc/arm-none-eabi/12.3.1/../../../../arm-none-eabi/lib/thumb/v8-m.main+fp/hard/libm.a
END GROUP
START GROUP
LOAD /Applications/STM32CubeIDE.app/Contents/Eclipse/plugins/com.st.stm32cube.ide.mcu.externaltools.gnu-tools-for-stm32.12.3.rel1.macos64_1.0.100.202403111906/tools/bin/../lib/gcc/arm-none-eabi/12.3.1/thumb/v8-m.main+fp/hard/libgcc.a
LOAD /Applications/STM32CubeIDE.app/Contents/Eclipse/plugins/com.st.stm32cube.ide.mcu.externaltools.gnu-tools-for-stm32.12.3.rel1.macos64_1.0.100.202403111906/tools/bin/../lib/gcc/arm-none-eabi/12.3.1/../../../../arm-none-eabi/lib/thumb/v8-m.main+fp/hard/libc_nano.a
END GROUP
START GROUP
LOAD /Applications/STM32CubeIDE.app/Contents/Eclipse/plugins/com.st.stm32cube.ide.mcu.externaltools.gnu-tools-for-stm32.12.3.rel1.macos64_1.0.100.202403111906/tools/bin/../lib/gcc/arm-none-eabi/12.3.1/thumb/v8-m.main+fp/hard/libgcc.a
LOAD /Applications/STM32CubeIDE.app/Contents/Eclipse/plugins/com.st.stm32cube.ide.mcu.externaltools.gnu-tools-for-stm32.12.3.rel1.macos64_1.0.100.202403111906/tools/bin/../lib/gcc/arm-none-eabi/12.3.1/../../../../arm-none-eabi/lib/thumb/v8-m.main+fp/hard/libc_nano.a
LOAD /Applications/STM32CubeIDE.app/Contents/Eclipse/plugins/com.st.stm32cube.ide.mcu.externaltools.gnu-tools-for-stm32.12.3.rel1.macos64_1.0.100.202403111906/tools/bin/../lib/gcc/arm-none-eabi/12.3.1/../../../../arm-none-eabi/lib/thumb/v8-m.main+fp/hard/libnosys.a
END GROUP
START GROUP
LOAD /Applications/STM32CubeIDE.app/Contents/Eclipse/plugins/com.st.stm32cube.ide.mcu.externaltools.gnu-tools-for-stm32.12.3.rel1.macos64_1.0.100.202403111906/tools/bin/../lib/gcc/arm-none-eabi/12.3.1/thumb/v8-m.main+fp/hard/libgcc.a
LOAD /Applications/STM32CubeIDE.app/Contents/Eclipse/plugins/com.st.stm32cube.ide.mcu.externaltools.gnu-tools-for-stm32.12.3.rel1.macos64_1.0.100.202403111906/tools/bin/../lib/gcc/arm-none-eabi/12.3.1/../../../../arm-none-eabi/lib/thumb/v8-m.main+fp/hard/libc_nano.a
LOAD /Applications/STM32CubeIDE.app/Contents/Eclipse/plugins/com.st.stm32cube.ide.mcu.externaltools.gnu-tools-for-stm32.12.3.rel1.macos64_1.0.100.202403111906/tools/bin/../lib/gcc/arm-none-eabi/12.3.1/../../../../arm-none-eabi/lib/thumb/v8-m.main+fp/hard/libnosys.a
END GROUP
LOAD /Applications/STM32CubeIDE.app/Contents/Eclipse/plugins/com.st.stm32cube.ide.mcu.externaltools.gnu-tools-for-stm32.12.3.rel1.macos64_1.0.100.202403111906/tools/bin/../lib/gcc/arm-none-eabi/12.3.1/thumb/v8-m.main+fp/hard/crtend.o
LOAD /Applications/STM32CubeIDE.app/Contents/Eclipse/plugins/com.st.stm32cube.ide.mcu.externaltools.gnu-tools-for-stm32.12.3.rel1.macos64_1.0.100.202403111906/tools/bin/../lib/gcc/arm-none-eabi/12.3.1/thumb/v8-m.main+fp/hard/crtn.o
                0x20030000                        _estack = (ORIGIN (RAM) + LENGTH (RAM))
                0x00000200                        _Min_Heap_Size = 0x200
                0x00000400                        _Min_Stack_Size = 0x400

.isr_vector     0x08000000      0x1f0
                0x08000000                        . = ALIGN (0x4)
 *(.isr_vector)
 .isr_vector    0x08000000      0x1f0 ./Startup/startup_stm32l552zetxq.o
                0x08000000                g_pfnVectors
                0x080001f0                        . = ALIGN (0x4)

.text           0x080001f0      0xcbc
                0x080001f0                        . = ALIGN (0x4)
 *(.text)
 .text          0x080001f0       0x40 /Applications/STM32CubeIDE.app/Contents/Eclipse/plugins/com.st.stm32cube.ide.mcu.externaltools.gnu-tools-for-stm32.12.3.rel1.macos64_1.0.100.202403111906/tools/bin/../lib/gcc/arm-none-eabi/12.3.1/thumb/v8-m.main+fp/hard/crtbegin.o
 *(.text*)
 .text.get_button
                0x08000230       0x6c ./Src/adc.o
                0x08000230                get_button
 .text.reset_game
                0x0800029c       0x38 ./Src/game_logic.o
                0x0800029c                reset_game
 .text.is_current_move_correct
                0x080002d4       0x54 ./Src/game_logic.o
                0x080002d4                is_current_move_correct
 .text.switch_turn
                0x08000328       0x50 ./Src/game_logic.o
                0x08000328                switch_turn
 .text.handle_player_turn
                0x08000378       0x90 ./Src/game_logic.o
                0x08000378                handle_player_turn
 .text.handle_opponents_turn
                0x08000408       0x60 ./Src/game_logic.o
                0x08000408                handle_opponents_turn
 .text.setup_gpio
                0x08000468      0x11c ./Src/gpio.o
                0x08000468                setup_gpio
 .text.TIM7_IRQHandler
                0x08000584      0x1ac ./Src/gpio.o
                0x08000584                TIM7_IRQHandler
 .text.setup_IC
                0x08000730       0xd8 ./Src/icoc.o
                0x08000730                setup_IC
 .text.setup_OC
                0x08000808       0xb0 ./Src/icoc.o
                0x08000808                setup_OC
 .text.TIM17_IRQHandler
                0x080008b8       0x4c ./Src/icoc.o
                0x080008b8                TIM17_IRQHandler
 .text.play_tune
                0x08000904       0xa0 ./Src/icoc.o
                0x08000904                play_tune
 .text.LPUART1_IRQHandler
                0x080009a4       0x64 ./Src/interrupt.o
                0x080009a4                LPUART1_IRQHandler
 .text.TIM16_IRQHandler
                0x08000a08      0x160 ./Src/interrupt.o
                0x08000a08                TIM16_IRQHandler
 .text.ADC1_2_IRQHandler
                0x08000b68       0x94 ./Src/interrupt.o
                0x08000b68                ADC1_2_IRQHandler
 .text.setup    0x08000bfc       0x18 ./Src/main.o
                0x08000bfc                setup
 .text.main     0x08000c14       0x10 ./Src/main.o
                0x08000c14                main
 .text.send_message
                0x08000c24       0x3c ./Src/uart.o
                0x08000c24                send_message
 .text.read_message
                0x08000c60       0x84 ./Src/uart.o
                0x08000c60                read_message
 .text.LPUART1_initialization
                0x08000ce4      0x114 ./Src/uart.o
                0x08000ce4                LPUART1_initialization
 .text.Reset_Handler
                0x08000df8       0x50 ./Startup/startup_stm32l552zetxq.o
                0x08000df8                Reset_Handler
 .text.Default_Handler
                0x08000e48        0x2 ./Startup/startup_stm32l552zetxq.o
                0x08000e48                HASH_IRQHandler
                0x08000e48                TIM8_TRG_COM_IRQHandler
                0x08000e48                TIM8_CC_IRQHandler
                0x08000e48                EXTI5_IRQHandler
                0x08000e48                DMA2_CH8_IRQHandler
                0x08000e48                DebugMon_Handler
                0x08000e48                FLASH_S_IRQHandler
                0x08000e48                EXTI13_IRQHandler
                0x08000e48                TIM1_CC_IRQHandler
                0x08000e48                TSC_IRQHandler
                0x08000e48                HardFault_Handler
                0x08000e48                TAMP_IRQHandler
                0x08000e48                TIM6_IRQHandler
                0x08000e48                EXTI12_IRQHandler
                0x08000e48                SysTick_Handler
                0x08000e48                PendSV_Handler
                0x08000e48                NMI_Handler
                0x08000e48                EXTI3_IRQHandler
                0x08000e48                EXTI8_IRQHandler
                0x08000e48                LPTIM2_IRQHandler
                0x08000e48                DFSDM1_FLT1_IRQHandler
                0x08000e48                USB_FS_IRQHandler
                0x08000e48                I2C3_ER_IRQHandler
                0x08000e48                DFSDM1_FLT2_IRQHandler
                0x08000e48                LPTIM3_IRQHandler
                0x08000e48                EXTI0_IRQHandler
                0x08000e48                I2C2_EV_IRQHandler
                0x08000e48                DMA2_CH1_IRQHandler
                0x08000e48                FDCAN1_IT1_IRQHandler
                0x08000e48                DMA2_CH7_IRQHandler
                0x08000e48                UsageFault_Handler
                0x08000e48                SPI1_IRQHandler
                0x08000e48                OCTOSPI1_IRQHandler
                0x08000e48                TIM8_UP_IRQHandler
                0x08000e48                RCC_S_IRQHandler
                0x08000e48                DMA1_Channel4_IRQHandler
                0x08000e48                SAI2_IRQHandler
                0x08000e48                DFSDM1_FLT3_IRQHandler
                0x08000e48                EXTI15_IRQHandler
                0x08000e48                USART3_IRQHandler
                0x08000e48                RTC_IRQHandler
                0x08000e48                EXTI9_IRQHandler
                0x08000e48                DMA1_Channel7_IRQHandler
                0x08000e48                UART5_IRQHandler
                0x08000e48                TIM4_IRQHandler
                0x08000e48                I2C1_EV_IRQHandler
                0x08000e48                DMA2_CH5_IRQHandler
                0x08000e48                DMAMUX1_OVR_IRQHandler
                0x08000e48                DMA1_Channel6_IRQHandler
                0x08000e48                UART4_IRQHandler
                0x08000e48                SecureFault_Handler
                0x08000e48                TIM3_IRQHandler
                0x08000e48                RCC_IRQHandler
                0x08000e48                TIM1_TRG_COM_IRQHandler
                0x08000e48                DMA1_Channel1_IRQHandler
                0x08000e48                Default_Handler
                0x08000e48                DMAMUX1_OVR_S_IRQHandler
                0x08000e48                DMA1_Channel8_IRQHandler
                0x08000e48                SDMMC1_IRQHandler
                0x08000e48                TIM5_IRQHandler
                0x08000e48                UCPD1_IRQHandler
                0x08000e48                TIM15_IRQHandler
                0x08000e48                I2C3_EV_IRQHandler
                0x08000e48                PVD_PVM_IRQHandler
                0x08000e48                SPI2_IRQHandler
                0x08000e48                MemManage_Handler
                0x08000e48                EXTI14_IRQHandler
                0x08000e48                EXTI11_IRQHandler
                0x08000e48                SVC_Handler
                0x08000e48                CRS_IRQHandler
                0x08000e48                DMA1_Channel5_IRQHandler
                0x08000e48                EXTI4_IRQHandler
                0x08000e48                RTC_S_IRQHandler
                0x08000e48                RNG_IRQHandler
                0x08000e48                DMA1_Channel3_IRQHandler
                0x08000e48                COMP_IRQHandler
                0x08000e48                TIM1_UP_IRQHandler
                0x08000e48                WWDG_IRQHandler
                0x08000e48                I2C4_EV_IRQHandler
                0x08000e48                FDCAN1_IT0_IRQHandler
                0x08000e48                TIM2_IRQHandler
                0x08000e48                TAMP_S_IRQHandler
                0x08000e48                EXTI7_IRQHandler
                0x08000e48                TIM1_BRK_IRQHandler
                0x08000e48                DAC_IRQHandler
                0x08000e48                EXTI1_IRQHandler
                0x08000e48                GTZC_IRQHandler
                0x08000e48                USART2_IRQHandler
                0x08000e48                DFSDM1_FLT0_IRQHandler
                0x08000e48                I2C2_ER_IRQHandler
                0x08000e48                DMA1_Channel2_IRQHandler
                0x08000e48                TIM8_BRK_IRQHandler
                0x08000e48                FLASH_IRQHandler
                0x08000e48                BusFault_Handler
                0x08000e48                USART1_IRQHandler
                0x08000e48                EXTI10_IRQHandler
                0x08000e48                SPI3_IRQHandler
                0x08000e48                DMA2_CH6_IRQHandler
                0x08000e48                DMA2_CH3_IRQHandler
                0x08000e48                DMA2_CH2_IRQHandler
                0x08000e48                I2C1_ER_IRQHandler
                0x08000e48                FMC_IRQHandler
                0x08000e48                DMA2_CH4_IRQHandler
                0x08000e48                EXTI6_IRQHandler
                0x08000e48                LPTIM1_IRQHandler
                0x08000e48                I2C4_ER_IRQHandler
                0x08000e48                ICACHE_IRQHandler
                0x08000e48                SAI1_IRQHandler
                0x08000e48                EXTI2_IRQHandler
 *fill*         0x08000e4a        0x2 
 .text.__libc_init_array
                0x08000e4c       0x48 /Applications/STM32CubeIDE.app/Contents/Eclipse/plugins/com.st.stm32cube.ide.mcu.externaltools.gnu-tools-for-stm32.12.3.rel1.macos64_1.0.100.202403111906/tools/bin/../lib/gcc/arm-none-eabi/12.3.1/../../../../arm-none-eabi/lib/thumb/v8-m.main+fp/hard/libc_nano.a(libc_a-init.o)
                0x08000e4c                __libc_init_array
 *(.glue_7)
 .glue_7        0x08000e94        0x0 linker stubs
 *(.glue_7t)
 .glue_7t       0x08000e94        0x0 linker stubs
 *(.eh_frame)
 .eh_frame      0x08000e94        0x0 /Applications/STM32CubeIDE.app/Contents/Eclipse/plugins/com.st.stm32cube.ide.mcu.externaltools.gnu-tools-for-stm32.12.3.rel1.macos64_1.0.100.202403111906/tools/bin/../lib/gcc/arm-none-eabi/12.3.1/thumb/v8-m.main+fp/hard/crtbegin.o
 *(.init)
 .init          0x08000e94        0x4 /Applications/STM32CubeIDE.app/Contents/Eclipse/plugins/com.st.stm32cube.ide.mcu.externaltools.gnu-tools-for-stm32.12.3.rel1.macos64_1.0.100.202403111906/tools/bin/../lib/gcc/arm-none-eabi/12.3.1/thumb/v8-m.main+fp/hard/crti.o
                0x08000e94                _init
 .init          0x08000e98        0x8 /Applications/STM32CubeIDE.app/Contents/Eclipse/plugins/com.st.stm32cube.ide.mcu.externaltools.gnu-tools-for-stm32.12.3.rel1.macos64_1.0.100.202403111906/tools/bin/../lib/gcc/arm-none-eabi/12.3.1/thumb/v8-m.main+fp/hard/crtn.o
 *(.fini)
 .fini          0x08000ea0        0x4 /Applications/STM32CubeIDE.app/Contents/Eclipse/plugins/com.st.stm32cube.ide.mcu.externaltools.gnu-tools-for-stm32.12.3.rel1.macos64_1.0.100.202403111906/tools/bin/../lib/gcc/arm-none-eabi/12.3.1/thumb/v8-m.main+fp/hard/crti.o
                0x08000ea0                _fini
 .fini          0x08000ea4        0x8 /Applications/STM32CubeIDE.app/Contents/Eclipse/plugins/com.st.stm32cube.ide.mcu.externaltools.gnu-tools-for-stm32.12.3.rel1.macos64_1.0.100.202403111906/tools/bin/../lib/gcc/arm-none-eabi/12.3.1/thumb/v8-m.main+fp/hard/crtn.o
                0x08000eac                        . = ALIGN (0x4)
                0x08000eac                        _etext = .

.vfp11_veneer   0x08000eac        0x0
 .vfp11_veneer  0x08000eac        0x0 linker stubs

.v4_bx          0x08000eac        0x0
 .v4_bx         0x08000eac        0x0 linker stubs

.iplt           0x08000eac        0x0
 .iplt          0x08000eac        0x0 /Applications/STM32CubeIDE.app/Contents/Eclipse/plugins/com.st.stm32cube.ide.mcu.externaltools.gnu-tools-for-stm32.12.3.rel1.macos64_1.0.100.202403111906/tools/bin/../lib/gcc/arm-none-eabi/12.3.1/thumb/v8-m.main+fp/hard/crtbegin.o

.rodata         0x08000eac       0x1c
                0x08000eac                        . = ALIGN (0x4)
 *(.rodata)
 *(.rodata*)
 .rodata.tunes.0
                0x08000eac       0x1c ./Src/icoc.o
                0x08000ec8                        . = ALIGN (0x4)

.ARM.extab      0x08000ec8        0x0
                0x08000ec8                        . = ALIGN (0x4)
 *(.ARM.extab* .gnu.linkonce.armextab.*)
                0x08000ec8                        . = ALIGN (0x4)

.ARM            0x08000ec8        0x0
                0x08000ec8                        . = ALIGN (0x4)
                0x08000ec8                        __exidx_start = .
 *(.ARM.exidx*)
                0x08000ec8                        __exidx_end = .
                0x08000ec8                        . = ALIGN (0x4)

.preinit_array  0x08000ec8        0x0
                0x08000ec8                        . = ALIGN (0x4)
                0x08000ec8                        PROVIDE (__preinit_array_start = .)
 *(.preinit_array*)
                0x08000ec8                        PROVIDE (__preinit_array_end = .)
                0x08000ec8                        . = ALIGN (0x4)

.init_array     0x08000ec8        0x4
                0x08000ec8                        . = ALIGN (0x4)
                0x08000ec8                        PROVIDE (__init_array_start = .)
 *(SORT_BY_NAME(.init_array.*))
 *(.init_array*)
 .init_array    0x08000ec8        0x4 /Applications/STM32CubeIDE.app/Contents/Eclipse/plugins/com.st.stm32cube.ide.mcu.externaltools.gnu-tools-for-stm32.12.3.rel1.macos64_1.0.100.202403111906/tools/bin/../lib/gcc/arm-none-eabi/12.3.1/thumb/v8-m.main+fp/hard/crtbegin.o
                0x08000ecc                        PROVIDE (__init_array_end = .)
                0x08000ecc                        . = ALIGN (0x4)

.fini_array     0x08000ecc        0x4
                0x08000ecc                        . = ALIGN (0x4)
                [!provide]                        PROVIDE (__fini_array_start = .)
 *(SORT_BY_NAME(.fini_array.*))
 *(.fini_array*)
 .fini_array    0x08000ecc        0x4 /Applications/STM32CubeIDE.app/Contents/Eclipse/plugins/com.st.stm32cube.ide.mcu.externaltools.gnu-tools-for-stm32.12.3.rel1.macos64_1.0.100.202403111906/tools/bin/../lib/gcc/arm-none-eabi/12.3.1/thumb/v8-m.main+fp/hard/crtbegin.o
                [!provide]                        PROVIDE (__fini_array_end = .)
                0x08000ed0                        . = ALIGN (0x4)
                0x08000ed0                        _sidata = LOADADDR (.data)

.rel.dyn        0x08000ed0        0x0
 .rel.iplt      0x08000ed0        0x0 /Applications/STM32CubeIDE.app/Contents/Eclipse/plugins/com.st.stm32cube.ide.mcu.externaltools.gnu-tools-for-stm32.12.3.rel1.macos64_1.0.100.202403111906/tools/bin/../lib/gcc/arm-none-eabi/12.3.1/thumb/v8-m.main+fp/hard/crtbegin.o

.data           0x20000000       0x30 load address 0x08000ed0
                0x20000000                        . = ALIGN (0x4)
                0x20000000                        _sdata = .
 *(.data)
 *(.data*)
 .data.display_values
                0x20000000       0x28 ./Src/gpio.o
                0x20000000                display_values
 .data.previous_turn_indicator.1
                0x20000028        0x1 ./Src/gpio.o
 .data.previous_button_indicator.0
                0x20000029        0x1 ./Src/gpio.o
 *fill*         0x2000002a        0x2 
 .data.button_pressed
                0x2000002c        0x4 ./Src/interrupt.o
                0x2000002c                button_pressed
 *(.RamFunc)
 *(.RamFunc*)
                0x20000030                        . = ALIGN (0x4)
                0x20000030                        _edata = .

.igot.plt       0x20000030        0x0 load address 0x08000f00
 .igot.plt      0x20000030        0x0 /Applications/STM32CubeIDE.app/Contents/Eclipse/plugins/com.st.stm32cube.ide.mcu.externaltools.gnu-tools-for-stm32.12.3.rel1.macos64_1.0.100.202403111906/tools/bin/../lib/gcc/arm-none-eabi/12.3.1/thumb/v8-m.main+fp/hard/crtbegin.o
                0x20000030                        . = ALIGN (0x4)

.bss            0x20000030      0x170 load address 0x08000f00
                0x20000030                        _sbss = .
                0x20000030                        __bss_start__ = _sbss
 *(.bss)
 .bss           0x20000030       0x1c /Applications/STM32CubeIDE.app/Contents/Eclipse/plugins/com.st.stm32cube.ide.mcu.externaltools.gnu-tools-for-stm32.12.3.rel1.macos64_1.0.100.202403111906/tools/bin/../lib/gcc/arm-none-eabi/12.3.1/thumb/v8-m.main+fp/hard/crtbegin.o
 *(.bss*)
 .bss.current_turn
                0x2000004c        0x1 ./Src/game_logic.o
                0x2000004c                current_turn
 *fill*         0x2000004d        0x3 
 .bss.memory    0x20000050      0x12c ./Src/game_logic.o
                0x20000050                memory
 .bss.current_memory_index
                0x2000017c        0x4 ./Src/game_logic.o
                0x2000017c                current_memory_index
 .bss.turn_counter
                0x20000180        0x4 ./Src/game_logic.o
                0x20000180                turn_counter
 .bss.display   0x20000184        0xc ./Src/gpio.o
                0x20000184                display
 .bss._tune_player_context
                0x20000190        0x4 ./Src/icoc.o
                0x20000190                _tune_player_context
 .bss.ic_on_progress
                0x20000194        0x4 ./Src/interrupt.o
                0x20000194                ic_on_progress
 .bss.ic        0x20000198        0x8 ./Src/interrupt.o
                0x20000198                ic
 *(COMMON)
                0x200001a0                        . = ALIGN (0x4)
                0x200001a0                        _ebss = .
                0x200001a0                        __bss_end__ = _ebss

._user_heap_stack
                0x200001a0      0x600 load address 0x08000f00
                0x200001a0                        . = ALIGN (0x8)
                [!provide]                        PROVIDE (end = .)
                0x200001a0                        PROVIDE (_end = .)
                0x200003a0                        . = (. + _Min_Heap_Size)
 *fill*         0x200001a0      0x200 
                0x200007a0                        . = (. + _Min_Stack_Size)
 *fill*         0x200003a0      0x400 
                0x200007a0                        . = ALIGN (0x8)

/DISCARD/
 libc.a(*)
 libm.a(*)
 libgcc.a(*)

.ARM.attributes
                0x00000000       0x36
 *(.ARM.attributes)
 .ARM.attributes
                0x00000000       0x26 /Applications/STM32CubeIDE.app/Contents/Eclipse/plugins/com.st.stm32cube.ide.mcu.externaltools.gnu-tools-for-stm32.12.3.rel1.macos64_1.0.100.202403111906/tools/bin/../lib/gcc/arm-none-eabi/12.3.1/thumb/v8-m.main+fp/hard/crti.o
 .ARM.attributes
                0x00000026       0x38 /Applications/STM32CubeIDE.app/Contents/Eclipse/plugins/com.st.stm32cube.ide.mcu.externaltools.gnu-tools-for-stm32.12.3.rel1.macos64_1.0.100.202403111906/tools/bin/../lib/gcc/arm-none-eabi/12.3.1/thumb/v8-m.main+fp/hard/crtbegin.o
 .ARM.attributes
                0x0000005e       0x3a ./Src/adc.o
 .ARM.attributes
                0x00000098       0x3a ./Src/game_logic.o
 .ARM.attributes
                0x000000d2       0x3a ./Src/gpio.o
 .ARM.attributes
                0x0000010c       0x3a ./Src/icoc.o
 .ARM.attributes
                0x00000146       0x3a ./Src/interrupt.o
 .ARM.attributes
                0x00000180       0x3a ./Src/main.o
 .ARM.attributes
                0x000001ba       0x3a ./Src/uart.o
 .ARM.attributes
                0x000001f4       0x24 ./Startup/startup_stm32l552zetxq.o
 .ARM.attributes
                0x00000218       0x38 /Applications/STM32CubeIDE.app/Contents/Eclipse/plugins/com.st.stm32cube.ide.mcu.externaltools.gnu-tools-for-stm32.12.3.rel1.macos64_1.0.100.202403111906/tools/bin/../lib/gcc/arm-none-eabi/12.3.1/../../../../arm-none-eabi/lib/thumb/v8-m.main+fp/hard/libc_nano.a(libc_a-init.o)
 .ARM.attributes
                0x00000250       0x26 /Applications/STM32CubeIDE.app/Contents/Eclipse/plugins/com.st.stm32cube.ide.mcu.externaltools.gnu-tools-for-stm32.12.3.rel1.macos64_1.0.100.202403111906/tools/bin/../lib/gcc/arm-none-eabi/12.3.1/thumb/v8-m.main+fp/hard/crtn.o
OUTPUT(MemoryGame.elf elf32-littlearm)
LOAD linker stubs
LOAD /Applications/STM32CubeIDE.app/Contents/Eclipse/plugins/com.st.stm32cube.ide.mcu.externaltools.gnu-tools-for-stm32.12.3.rel1.macos64_1.0.100.202403111906/tools/bin/../lib/gcc/arm-none-eabi/12.3.1/../../../../arm-none-eabi/lib/thumb/v8-m.main+fp/hard/libc.a
LOAD /Applications/STM32CubeIDE.app/Contents/Eclipse/plugins/com.st.stm32cube.ide.mcu.externaltools.gnu-tools-for-stm32.12.3.rel1.macos64_1.0.100.202403111906/tools/bin/../lib/gcc/arm-none-eabi/12.3.1/../../../../arm-none-eabi/lib/thumb/v8-m.main+fp/hard/libm.a
LOAD /Applications/STM32CubeIDE.app/Contents/Eclipse/plugins/com.st.stm32cube.ide.mcu.externaltools.gnu-tools-for-stm32.12.3.rel1.macos64_1.0.100.202403111906/tools/bin/../lib/gcc/arm-none-eabi/12.3.1/thumb/v8-m.main+fp/hard/libgcc.a

.debug_info     0x00000000     0x1661
 .debug_info    0x00000000      0x2e6 ./Src/adc.o
 .debug_info    0x000002e6      0x271 ./Src/game_logic.o
 .debug_info    0x00000557      0x2f5 ./Src/gpio.o
 .debug_info    0x0000084c      0x469 ./Src/icoc.o
 .debug_info    0x00000cb5      0x5f2 ./Src/interrupt.o
 .debug_info    0x000012a7       0xdc ./Src/main.o
 .debug_info    0x00001383      0x2ae ./Src/uart.o
 .debug_info    0x00001631       0x30 ./Startup/startup_stm32l552zetxq.o

.debug_abbrev   0x00000000      0x7af
 .debug_abbrev  0x00000000       0xba ./Src/adc.o
 .debug_abbrev  0x000000ba      0x141 ./Src/game_logic.o
 .debug_abbrev  0x000001fb       0xff ./Src/gpio.o
 .debug_abbrev  0x000002fa      0x158 ./Src/icoc.o
 .debug_abbrev  0x00000452      0x1b9 ./Src/interrupt.o
 .debug_abbrev  0x0000060b       0x88 ./Src/main.o
 .debug_abbrev  0x00000693       0xf8 ./Src/uart.o
 .debug_abbrev  0x0000078b       0x24 ./Startup/startup_stm32l552zetxq.o

.debug_aranges  0x00000000      0x180
 .debug_aranges
                0x00000000       0x28 ./Src/adc.o
 .debug_aranges
                0x00000028       0x40 ./Src/game_logic.o
 .debug_aranges
                0x00000068       0x28 ./Src/gpio.o
 .debug_aranges
                0x00000090       0x38 ./Src/icoc.o
 .debug_aranges
                0x000000c8       0x38 ./Src/interrupt.o
 .debug_aranges
                0x00000100       0x28 ./Src/main.o
 .debug_aranges
                0x00000128       0x30 ./Src/uart.o
 .debug_aranges
                0x00000158       0x28 ./Startup/startup_stm32l552zetxq.o

.debug_rnglists
                0x00000000      0x103
 .debug_rnglists
                0x00000000       0x1a ./Src/adc.o
 .debug_rnglists
                0x0000001a       0x2c ./Src/game_logic.o
 .debug_rnglists
                0x00000046       0x1b ./Src/gpio.o
 .debug_rnglists
                0x00000061       0x28 ./Src/icoc.o
 .debug_rnglists
                0x00000089       0x27 ./Src/interrupt.o
 .debug_rnglists
                0x000000b0       0x19 ./Src/main.o
 .debug_rnglists
                0x000000c9       0x21 ./Src/uart.o
 .debug_rnglists
                0x000000ea       0x19 ./Startup/startup_stm32l552zetxq.o

.debug_macro    0x00000000     0x1637
 .debug_macro   0x00000000       0x7b ./Src/adc.o
 .debug_macro   0x0000007b      0xac6 ./Src/adc.o
 .debug_macro   0x00000b41       0x22 ./Src/adc.o
 .debug_macro   0x00000b63       0x8e ./Src/adc.o
 .debug_macro   0x00000bf1       0x51 ./Src/adc.o
 .debug_macro   0x00000c42      0x103 ./Src/adc.o
 .debug_macro   0x00000d45       0x6a ./Src/adc.o
 .debug_macro   0x00000daf      0x1df ./Src/adc.o
 .debug_macro   0x00000f8e       0xc4 ./Src/adc.o
 .debug_macro   0x00001052       0x10 ./Src/adc.o
 .debug_macro   0x00001062       0xca ./Src/game_logic.o
 .debug_macro   0x0000112c       0x22 ./Src/game_logic.o
 .debug_macro   0x0000114e       0x22 ./Src/game_logic.o
 .debug_macro   0x00001170       0x16 ./Src/game_logic.o
 .debug_macro   0x00001186       0x16 ./Src/game_logic.o
 .debug_macro   0x0000119c       0x7f ./Src/gpio.o
 .debug_macro   0x0000121b       0xd0 ./Src/icoc.o
 .debug_macro   0x000012eb       0x10 ./Src/icoc.o
 .debug_macro   0x000012fb       0xd0 ./Src/interrupt.o
 .debug_macro   0x000013cb       0xbe ./Src/interrupt.o
 .debug_macro   0x00001489       0xe4 ./Src/main.o
 .debug_macro   0x0000156d       0xca ./Src/uart.o

.debug_line     0x00000000     0x2316
 .debug_line    0x00000000      0x488 ./Src/adc.o
 .debug_line    0x00000488      0x504 ./Src/game_logic.o
 .debug_line    0x0000098c      0x535 ./Src/gpio.o
 .debug_line    0x00000ec1      0x522 ./Src/icoc.o
 .debug_line    0x000013e3      0x582 ./Src/interrupt.o
 .debug_line    0x00001965      0x43d ./Src/main.o
 .debug_line    0x00001da2      0x4f9 ./Src/uart.o
 .debug_line    0x0000229b       0x7b ./Startup/startup_stm32l552zetxq.o

.debug_str      0x00000000     0x472b
 .debug_str     0x00000000     0x4239 ./Src/adc.o
                               0x43ab (size before relaxing)
 .debug_str     0x00004239      0x221 ./Src/game_logic.o
                               0x4514 (size before relaxing)
 .debug_str     0x0000445a       0x84 ./Src/gpio.o
                               0x4444 (size before relaxing)
 .debug_str     0x000044de      0x107 ./Src/icoc.o
                               0x453c (size before relaxing)
 .debug_str     0x000045e5       0xc2 ./Src/interrupt.o
                               0x4629 (size before relaxing)
 .debug_str     0x000046a7       0x30 ./Src/main.o
                               0x4417 (size before relaxing)
 .debug_str     0x000046d7       0x14 ./Src/uart.o
                               0x44a9 (size before relaxing)
 .debug_str     0x000046eb       0x40 ./Startup/startup_stm32l552zetxq.o
                                 0x80 (size before relaxing)

.comment        0x00000000       0x43
 .comment       0x00000000       0x43 ./Src/adc.o
                                 0x44 (size before relaxing)
 .comment       0x00000043       0x44 ./Src/game_logic.o
 .comment       0x00000043       0x44 ./Src/gpio.o
 .comment       0x00000043       0x44 ./Src/icoc.o
 .comment       0x00000043       0x44 ./Src/interrupt.o
 .comment       0x00000043       0x44 ./Src/main.o
 .comment       0x00000043       0x44 ./Src/uart.o

.debug_frame    0x00000000      0x3a8
 .debug_frame   0x00000000       0x58 ./Src/adc.o
 .debug_frame   0x00000058       0xc0 ./Src/game_logic.o
 .debug_frame   0x00000118       0x58 ./Src/gpio.o
 .debug_frame   0x00000170       0xa8 ./Src/icoc.o
 .debug_frame   0x00000218       0x9c ./Src/interrupt.o
 .debug_frame   0x000002b4       0x48 ./Src/main.o
 .debug_frame   0x000002fc       0x80 ./Src/uart.o
 .debug_frame   0x0000037c       0x2c /Applications/STM32CubeIDE.app/Contents/Eclipse/plugins/com.st.stm32cube.ide.mcu.externaltools.gnu-tools-for-stm32.12.3.rel1.macos64_1.0.100.202403111906/tools/bin/../lib/gcc/arm-none-eabi/12.3.1/../../../../arm-none-eabi/lib/thumb/v8-m.main+fp/hard/libc_nano.a(libc_a-init.o)

.debug_line_str
                0x00000000       0x64
 .debug_line_str
                0x00000000       0x64 ./Startup/startup_stm32l552zetxq.o
